[2024-03-08 23:17:15] INFO: User login successful
[2024-03-02 02:37:27] INFO: Database connection pool: 5/10 active

[2024-03-18 16:38:01] WARNING: Slow query detected: 2300ms
[2024-03-26 14:37:17] DEBUG: Request headers: {'Accept': 'application/json'}
[2024-03-05 13:21:17] WARNING: Rate limit approaching for IP 192.168.1.100
[2024-03-12 02:24:06] ERROR: Failed to connect to payment gateway
[2024-03-04 23:29:34] ERROR: Failed to connect to payment gateway
[2024-03-21 17:18:53] DEBUG: Request headers: {'Accept': 'application/json'}
[2024-03-22 22:04:02] ERROR: NullPointerException in OrderService.process()
[2024-03-13 07:55:06] ERROR: Failed to connect to payment gateway
[2024-03-22 11:22:13] ERROR: NullPointerException in OrderService.process()
[2024-03-24 20:10:34] INFO: Database connection pool: 5/10 active
[2024-03-23 08:59:40] DEBUG: Query plan: sequential scan on users table
[2024-03-26 07:52:02] ERROR: Failed to connect to payment gateway
[2024-03-29 06:58:36] ERROR: Failed to connect to payment gateway
[2024-03-30 15:25:56] WARNING: Rate limit approaching for IP 192.168.1.100
[2024-03-18 04:15:47] WARNING: Memory usage at 85%
[2024-03-05 12:23:14] DEBUG: Garbage collection completed in 45ms
[2024-03-06 03:09:40] INFO: User login successful
[2024-03-20 02:24:24] DEBUG: Garbage collection completed in 45ms
[2024-03-22 21:46:07] ERROR: Failed to connect to payment gateway
[2024-03-06 03:18:27] ERROR: Timeout waiting for response from API
[2024-03-28 16:58:06] ERROR: NullPointerException in OrderService.process()
[2024-03-18 11:48:10] WARNING: Slow query detected: 2300ms
[2024-03-04 10:31:01] INFO: Database connection pool: 5/10 active
[2024-03-19 01:15:56] ERROR: NullPointerException in OrderService.process()
[2024-03-25 02:48:34] INFO: Session started for user_id=42
[2024-03-28 05:16:33] DEBUG: Garbage collection completed in 45ms
[2024-03-23 23:44:12] WARNING: Rate limit approaching for IP 192.168.1.100
[2024-03-08 16:28:07] ERROR: Disk space critically low: 2% remaining
[2024-03-19 18:35:14] ERROR: Failed to connect to payment gateway
[2024-03-02 07:04:57] INFO: User login successful
[2024-03-16 07:17:42] INFO: Database connection pool: 5/10 active
[2024-03-08 18:36:30] WARNING: Rate limit approaching for IP 192.168.1.100
[2024-03-14 03:06:42] DEBUG: Request headers: {'Accept': 'application/json'}
[2024-03-21 23:03:43] DEBUG: Query plan: sequential scan on users table
[2024-03-26 12:46:21] INFO: User login successful
[2024-03-05 06:34:28] WARNING: Slow query detected: 2300ms
[2024-03-03 07:55:59] ERROR: Disk space critically low: 2% remaining
[2024-03-01 20:34:53] INFO: User login successful
[2024-03-07 13:31:30] WARNING: Slow query detected: 2300ms
[2024-03-09 12:00:24] INFO: Page loaded in 230ms
[2024-03-26 13:44:46] DEBUG: Query plan: sequential scan on users table
[2024-03-31 06:18:13] DEBUG: Request headers: {'Accept': 'application/json'}

[2024-03-16 01:03:37] INFO: Cache refreshed
[2024-03-06 16:05:54] WARNING: Slow query detected: 2300ms

[2024-03-19 12:07:56] INFO: Page loaded in 230ms
[2024-03-19 02:26:42] INFO: Database connection pool: 5/10 active
[2024-03-11 06:42:45] ERROR: Timeout waiting for response from API
[2024-03-15 21:41:19] DEBUG: Request headers: {'Accept': 'application/json'}
